[
  {
    "tx_hash": "8180983d5de4de7b72b4bf26d9b99cc0d731dbc77bbb575d61521952bc2ad765",
    "block_height": 4660161
  },
  {
    "tx_hash": "8080ba96634105b099be0548f384dc70d2e485ea887b69fe7d1ceda9c9075f2f",
    "block_height": 4975037
  }
]
