{
  "url": "https://blockfrost.io/",
  "version": "3.0.1"
}
