{"type":"jsonwsp/response","version":"1.0","servicename":"ogmios","methodname":"EvaluateTx","reflection":{"id":"dummy"},"result":{"EvaluationResult":{"spend:0":{"memory":1765011,"steps":384791603}}}}