[
  {
    "witness_hash": "db7685e2d763133630e1a4afdefc5752d4b1c9be6c102e71242fb06f"
  }
]
